  Game.cpp
C:\Users\maell\Documents\Github\shoot_em_up_matisse\shootemup\Game.cpp(110,15): warning C4244: 'initialisation' : conversion de 'Uint64' en 'float', perte possible de données
C:\Users\maell\Documents\Github\shoot_em_up_matisse\shootemup\Game.cpp(131,48): warning C4244: 'argument' : conversion de 'float' en 'int', perte possible de données
C:\Users\maell\Documents\Github\shoot_em_up_matisse\shootemup\Game.cpp(131,34): warning C4244: 'argument' : conversion de 'float' en 'int', perte possible de données
C:\Users\maell\Documents\Github\shoot_em_up_matisse\shootemup\Game.cpp(190,52): warning C4244: 'argument' : conversion de 'float' en 'int', perte possible de données
C:\Users\maell\Documents\Github\shoot_em_up_matisse\shootemup\Game.cpp(190,38): warning C4244: 'argument' : conversion de 'float' en 'int', perte possible de données
C:\Users\maell\Documents\Github\shoot_em_up_matisse\shootemup\Game.cpp(245,52): warning C4244: 'argument' : conversion de 'const int' en 'float', perte possible de données
C:\Users\maell\Documents\Github\shoot_em_up_matisse\shootemup\Game.cpp(246,52): warning C4244: 'argument' : conversion de 'const int' en 'float', perte possible de données
C:\Users\maell\Documents\Github\shoot_em_up_matisse\shootemup\Game.cpp(252,25): warning C4244: 'initialisation' : conversion de 'double' en 'float', perte possible de données
C:\Users\maell\Documents\Github\shoot_em_up_matisse\shootemup\Game.cpp(265,50): warning C4244: 'argument' : conversion de 'const int' en 'float', perte possible de données
C:\Users\maell\Documents\Github\shoot_em_up_matisse\shootemup\Game.cpp(266,50): warning C4244: 'argument' : conversion de 'const int' en 'float', perte possible de données
  GameState.cpp
  Main.cpp
C:\Users\maell\Documents\Github\shoot_em_up_matisse\shootemup\Main.cpp(12,15): warning C4244: 'argument' : conversion de 'time_t' en 'unsigned int', perte possible de données
C:\Users\maell\Documents\Github\shoot_em_up_matisse\shootemup\Main.cpp(109,33): warning C4244: 'initialisation' : conversion de 'Uint64' en 'float', perte possible de données
  Menu.cpp
  Player.cpp
  World.cpp
  Génération de code en cours...
  shootemup.vcxproj -> C:\Users\maell\Documents\Github\shoot_em_up_matisse\x64\Debug\shootemup.exe
